INFO 2026-08-31 16:40:55,281 - __main__ - Script démarré
INFO 2026-08-31 16:40:57,651 - __main__ - Attachment créé : image-20240418-090036.png | statut HTTP : 200
INFO 2026-08-31 16:40:57,687 - __main__ - Attachment envoyé : image-20240418-090036.png | statut HTTP : 200
INFO 2026-08-31 16:40:57,842 - __main__ - Attachment créé : image-20240418-090052.png | statut HTTP : 200
INFO 2026-08-31 16:40:57,878 - __main__ - Attachment envoyé : image-20240418-090052.png | statut HTTP : 200
INFO 2026-08-31 16:40:58,022 - __main__ - Attachment créé : prix_spe_v5.csv | statut HTTP : 200
INFO 2026-08-31 16:40:58,059 - __main__ - Attachment envoyé : prix_spe_v5.csv | statut HTTP : 200
INFO 2026-08-31 16:40:58,394 - __main__ - Attachment créé : image-20250502-161320.png | statut HTTP : 200
INFO 2026-08-31 16:40:58,453 - __main__ - Attachment envoyé : image-20250502-161320.png | statut HTTP : 200
INFO 2026-08-31 16:40:58,898 - __main__ - Attachment créé : exemple_flux_prix_specifique_v5.xlsx | statut HTTP : 200
INFO 2026-08-31 16:40:58,944 - __main__ - Attachment envoyé : exemple_flux_prix_specifique_v5.xlsx | statut HTTP : 200
INFO 2026-08-31 16:40:59,137 - __main__ - Attachment créé : prix_spe_v5.csv | statut HTTP : 200
INFO 2026-08-31 16:40:59,170 - __main__ - Attachment envoyé : prix_spe_v5.csv | statut HTTP : 200
INFO 2026-08-31 16:41:00,256 - __main__ - Attachment créé : image-20240726-083039.png | statut HTTP : 200
INFO 2026-08-31 16:41:00,311 - __main__ - Attachment envoyé : image-20240726-083039.png | statut HTTP : 200
INFO 2026-08-31 16:41:00,843 - __main__ - Attachment créé : image-20240531-083631.png | statut HTTP : 200
INFO 2026-08-31 16:41:00,911 - __main__ - Attachment envoyé : image-20240531-083631.png | statut HTTP : 200
INFO 2026-08-31 16:41:01,265 - __main__ - Attachment créé : image-20240531-085251.png | statut HTTP : 200
INFO 2026-08-31 16:41:01,338 - __main__ - Attachment envoyé : image-20240531-085251.png | statut HTTP : 200
INFO 2026-08-31 16:41:01,927 - __main__ - Attachment créé : image-20240531-085303.png | statut HTTP : 200
INFO 2026-08-31 16:41:01,972 - __main__ - Attachment envoyé : image-20240531-085303.png | statut HTTP : 200
INFO 2026-08-31 16:41:02,226 - __main__ - Attachment créé : image-20240531-085440.png | statut HTTP : 200
INFO 2026-08-31 16:41:02,279 - __main__ - Attachment envoyé : image-20240531-085440.png | statut HTTP : 200
INFO 2026-08-31 16:41:02,509 - __main__ - Attachment créé : image-20240531-085454.png | statut HTTP : 200
INFO 2026-08-31 16:41:02,553 - __main__ - Attachment envoyé : image-20240531-085454.png | statut HTTP : 200
INFO 2026-08-31 16:41:02,774 - __main__ - Attachment créé : image-20240531-085503.png | statut HTTP : 200
INFO 2026-08-31 16:41:02,819 - __main__ - Attachment envoyé : image-20240531-085503.png | statut HTTP : 200
INFO 2026-08-31 16:41:03,072 - __main__ - Attachment créé : image-20240531-085512.png | statut HTTP : 200
INFO 2026-08-31 16:41:03,122 - __main__ - Attachment envoyé : image-20240531-085512.png | statut HTTP : 200
INFO 2026-08-31 16:41:03,341 - __main__ - Attachment créé : image-20240531-085536.png | statut HTTP : 200
INFO 2026-08-31 16:41:03,388 - __main__ - Attachment envoyé : image-20240531-085536.png | statut HTTP : 200
INFO 2026-08-31 16:41:03,614 - __main__ - Attachment créé : image-20240531-085542.png | statut HTTP : 200
INFO 2026-08-31 16:41:03,652 - __main__ - Attachment envoyé : image-20240531-085542.png | statut HTTP : 200
INFO 2026-08-31 16:41:03,888 - __main__ - Attachment créé : image-20240531-085550.png | statut HTTP : 200
INFO 2026-08-31 16:41:03,937 - __main__ - Attachment envoyé : image-20240531-085550.png | statut HTTP : 200
INFO 2026-08-31 16:41:04,288 - __main__ - Attachment créé : image-20240531-085557.png | statut HTTP : 200
INFO 2026-08-31 16:41:04,343 - __main__ - Attachment envoyé : image-20240531-085557.png | statut HTTP : 200
INFO 2026-08-31 16:41:04,631 - __main__ - Attachment créé : image-20240531-085603.png | statut HTTP : 200
INFO 2026-08-31 16:41:04,684 - __main__ - Attachment envoyé : image-20240531-085603.png | statut HTTP : 200
INFO 2026-08-31 16:41:04,966 - __main__ - Attachment créé : image-20240531-085611.png | statut HTTP : 200
INFO 2026-08-31 16:41:05,017 - __main__ - Attachment envoyé : image-20240531-085611.png | statut HTTP : 200
INFO 2026-08-31 16:41:05,321 - __main__ - Attachment créé : image-20240531-085617.png | statut HTTP : 200
INFO 2026-08-31 16:41:05,374 - __main__ - Attachment envoyé : image-20240531-085617.png | statut HTTP : 200
INFO 2026-08-31 16:41:05,659 - __main__ - Attachment créé : image-20240531-085624.png | statut HTTP : 200
INFO 2026-08-31 16:41:05,714 - __main__ - Attachment envoyé : image-20240531-085624.png | statut HTTP : 200
INFO 2026-08-31 16:41:05,988 - __main__ - Attachment créé : image-20240531-085635.png | statut HTTP : 200
INFO 2026-08-31 16:41:06,042 - __main__ - Attachment envoyé : image-20240531-085635.png | statut HTTP : 200
INFO 2026-08-31 16:41:06,479 - __main__ - Attachment créé : image-20240531-085646.png | statut HTTP : 200
INFO 2026-08-31 16:41:06,551 - __main__ - Attachment envoyé : image-20240531-085646.png | statut HTTP : 200
INFO 2026-08-31 16:41:06,870 - __main__ - Attachment créé : image-20240531-085651.png | statut HTTP : 200
INFO 2026-08-31 16:41:06,922 - __main__ - Attachment envoyé : image-20240531-085651.png | statut HTTP : 200
ERROR 2026-08-31 16:41:07,190 - __main__ - Erreur HTTP 429 sur http://localhost:3000/api/attachments.create : {"ok":false,"error":"rate_limit_exceeded","status":429,"message":"Rate limit exceeded for this operation"}
WARNING 2026-08-31 16:41:07,190 - __main__ - 429 reçu, attente 50.5 secondes avant retry
